export const snapshot = {};

snapshot[`shouldUpdateAllFilesWithNewModuleVersion 1`] = `
[
  {
    file: "import 'https://deno.land/x/b@1.1.1/mod.ts';
import 'https://deno.land/x/b@1.1.1/mod.ts';
import 'https://deno.land/x/b@1.1.1/main.ts';
import 'https://deno.land/x/b@1.1.1/main.ts';
import 'https://deno.land/x/b@1.1.1/utils/mod.ts';
",
    path: "/src/__mocks__/multi/modules/a/mod.ts",
  },
]
`;
